// Jest Snapshot v1, https://goo.gl/fbAQLP

exports[`<FacebookShareLink /> matches snapshot 1`] = `
<button
  aria-label="facebook"
  title="facebook"
  type="button"
>
  <svg
    class="Icon-module_icon__1Jtzj icon_hds-icon__1YqNC Icon-module_s__2WGWe icon_hds-icon--size-s__2Lkik"
    role="img"
    viewBox="0 0 24 24"
    xmlns="http://www.w3.org/2000/svg"
  >
    <g
      fill="none"
      fill-rule="evenodd"
    >
      <path
        d="M0 0h24v24H0z"
      />
      <path
        d="M19 3a2 2 0 012 2v14a2 2 0 01-2 2h-3.356v-7.12h2.435l.35-2.716h-2.785V9.43c0-.788.217-1.322 1.346-1.322h1.439V5.68l-.35-.036-.341-.025c-.38-.026-.873-.048-1.407-.048-2.073 0-3.495 1.266-3.495 3.592v2.005h-2.443v2.716h2.447L12.839 21H5a2 2 0 01-2-2V5a2 2 0 012-2h14z"
        fill="currentColor"
      />
    </g>
  </svg>
</button>
`;
